  Determinando los proyectos que se van a restaurar...
  Todos los proyectos est├ín actualizados para la restauraci├│n.
  FunkosAPI -> C:\Programacion\FunkosAPI\FunkosAPI\bin\Debug\net10.0\FunkosAPI.dll
  FunkosApiTest -> C:\Programacion\FunkosAPI\FunkosApiTest\bin\Debug\net10.0\FunkosApiTest.dll
Serie de pruebas para C:\Programacion\FunkosAPI\FunkosApiTest\bin\Debug\net10.0\FunkosApiTest.dll (.NETCoreApp,Version=v10.0)
Versi├│n 18.0.1 (x64) de VSTest

Iniciando la ejecuci├│n de pruebas, espere...
1 archivos de prueba en total coincidieron con el patr├│n especificado.
NUnit Adapter 5.0.0.0: Test execution started
Running selected tests in C:\Programacion\FunkosAPI\FunkosApiTest\bin\Debug\net10.0\FunkosApiTest.dll
   NUnit3TestExecutor discovered 7 of 7 NUnit test cases using Current Discovery mode, Non-Explicit run
     Warning:
     The component "Fluent Assertions" is governed by the rules defined in the Xceed License Agreement and
     the Xceed Fluent Assertions Community License. You may use Fluent Assertions free of charge for
     non-commercial use only. An active subscription is required to use Fluent Assertions for commercial use.

     Please contact Xceed Sales mailto:sales@xceed.com to acquire a subscription at a very low cost.

     A paid commercial license supports the development and continued increasing support of
     Fluent Assertions users under both commercial and community licenses. Help us
     keep Fluent Assertions at the forefront of unit testing.

     For more information, visit https://xceed.com/products/unit-testing/fluent-assertions/

NUnit Adapter 5.0.0.0: Test execution complete
  Correctas Configure_ShouldConfigureCampos [284 ms]
  Con error Configure_ShouldHaveCorrectNumberOfFields [61 ms]
  Mensaje de error:
   Expected funkoType.Fields to contain 10 item(s), but found 11: {"The name of the current Object type at runtime."
__typename: String!, "El ID del funko"
id: ID!, "El nombre del funko"
nombre: String!, "La descripci├│n del funko"
descripcion: String, "El precio del funko"
precio: Decimal!, "Cantidad en stock"
stock: Float!, "URL de la imagen"
imagen: String, "La categor├¡a"
categoria: String!, "Fecha de creaci├│n"
fechaCreacion: DateTime!, "Fecha de ├║ltima actualizaci├│n"
fechaModificacion: DateTime!, "Si el producto est├í eliminado"
isDeleted: Boolean!}.
  Seguimiento de la pila:
     at FluentAssertions.Execution.LateBoundTestFramework.Throw(String message)
   at FluentAssertions.Execution.DefaultAssertionStrategy.HandleFailure(String message)
   at FluentAssertions.Execution.AssertionScope.AddPreFormattedFailure(String formattedFailureMessage)
   at FluentAssertions.Execution.AssertionChain.FailWith(Func`1 getFailureReason)
   at FluentAssertions.Execution.AssertionChain.FailWith(Func`1 getFailureReason)
   at FluentAssertions.Execution.AssertionChain.FailWith(String message, Object[] args)
   at FluentAssertions.Collections.GenericCollectionAssertions`3.HaveCount(Int32 expected, String because, Object[] becauseArgs)
   at FunkosApiTest.GraphQL.Types.FunkoTypeTest.Configure_ShouldHaveCorrectNumberOfFields() in C:\Programacion\FunkosAPI\FunkosApiTest\GraphQL\Types\FunkoTypeTest.cs:line 115


  Correctas Configure_ShouldSetTypeDescription [8 ms]
  Correctas Configure_ShouldSetTypeName [8 ms]
  Correctas FunkoType_ShouldHaveConfigureMethod [< 1 ms]
  Correctas FunkoType_ShouldHavePublicConstructor [< 1 ms]
  Correctas FunkoType_ShouldInheritFromObjectType [< 1 ms]

Pruebas totales: 7
     Correcto: 6
     Incorrecto: 1
 Tiempo total: 1,1488 Segundos
